[     808ms] [WARNING] Mixed Content: The page at 'https://mp.weixin.qq.com/s/O-7IyUylW6VGP3vyAg1M2w' was loaded over HTTPS, but requested an insecure element 'http://mmbiz.qpic.cn/sz_mmbiz_png/cueJ49OldiajbOvfH9RDzHnuCWv6OJBkTvlP80AJ4vTLt0GgB8jMLgpOjuhSS4ibBatb3P6cyzv8ibJDyeqvfxhaQ/0?wx_fmt=png'. This request was automatically upgraded to HTTPS, For more information see https://blog.chromium.org/2019/10/no-more-mixed-messages-about-https.html @ https://mp.weixin.qq.com/s/O-7IyUylW6VGP3vyAg1M2w:0
[     808ms] [WARNING] Mixed Content: The page at 'https://mp.weixin.qq.com/s/O-7IyUylW6VGP3vyAg1M2w' was loaded over HTTPS, but requested an insecure element 'http://mmbiz.qpic.cn/sz_mmbiz_png/cueJ49OldiajbOvfH9RDzHnuCWv6OJBkTvlP80AJ4vTLt0GgB8jMLgpOjuhSS4ibBatb3P6cyzv8ibJDyeqvfxhaQ/0?wx_fmt=png'. This request was automatically upgraded to HTTPS, For more information see https://blog.chromium.org/2019/10/no-more-mixed-messages-about-https.html @ https://mp.weixin.qq.com/s/O-7IyUylW6VGP3vyAg1M2w:0
[     988ms] [WARNING] Mixed Content: The page at 'https://mp.weixin.qq.com/s/O-7IyUylW6VGP3vyAg1M2w' was loaded over HTTPS, but requested an insecure element 'http://mmbiz.qpic.cn/sz_mmbiz_png/cueJ49OldiajbOvfH9RDzHnuCWv6OJBkTvlP80AJ4vTLt0GgB8jMLgpOjuhSS4ibBatb3P6cyzv8ibJDyeqvfxhaQ/0?wx_fmt=png'. This request was automatically upgraded to HTTPS, For more information see https://blog.chromium.org/2019/10/no-more-mixed-messages-about-https.html @ https://mp.weixin.qq.com/s/O-7IyUylW6VGP3vyAg1M2w:3468
[     988ms] [WARNING] Mixed Content: The page at 'https://mp.weixin.qq.com/s/O-7IyUylW6VGP3vyAg1M2w' was loaded over HTTPS, but requested an insecure element 'http://mmbiz.qpic.cn/sz_mmbiz_png/cueJ49OldiajbOvfH9RDzHnuCWv6OJBkTvlP80AJ4vTLt0GgB8jMLgpOjuhSS4ibBatb3P6cyzv8ibJDyeqvfxhaQ/0?wx_fmt=png'. This request was automatically upgraded to HTTPS, For more information see https://blog.chromium.org/2019/10/no-more-mixed-messages-about-https.html @ https://mp.weixin.qq.com/s/O-7IyUylW6VGP3vyAg1M2w:3576
[    1142ms] [LOG] tingIsShow, tingHeardCnt   @ https://mp.weixin.qq.com/s/O-7IyUylW6VGP3vyAg1M2w:41722
[    1149ms] [LOG] canUseStar, startPersonCnt false  @ https://mp.weixin.qq.com/s/O-7IyUylW6VGP3vyAg1M2w:45061
[    1154ms] [LOG] SyntaxError: Unexpected end of JSON input
    at JSON.parse (<anonymous>)
    at __setPageContentBottomData (https://mp.weixin.qq.com/s/O-7IyUylW6VGP3vyAg1M2w:46541:77)
    at https://mp.weixin.qq.com/s/O-7IyUylW6VGP3vyAg1M2w:46601:5
    at https://mp.weixin.qq.com/s/O-7IyUylW6VGP3vyAg1M2w:46607:3 @ https://mp.weixin.qq.com/s/O-7IyUylW6VGP3vyAg1M2w:46587
[    1423ms] [LOG] support wcslplayer false @ https://res.wx.qq.com/mmbizappmsg/zh_CN/htmledition/js/assets/cover_next.moaajz2d3865b0ed.js:0
[    1427ms] [LOG] canUseStar, startPersonCnt false <%@JsEncode($user_info.appmsg_bar_data.star_num.DATA$)%> @ https://res.wx.qq.com/mmbizappmsg/zh_CN/htmledition/js/assets/set_star.moaajz2d205eb911.js:0
[    1451ms] [LOG] in white list undefined 1776948996301 @ https://res.wx.qq.com/mmbizappmsg/zh_CN/htmledition/js/assets/wxwork_hidden.moaajz2da6bf9f34.js:2
[    1469ms] [LOG] [Appmsg comment] start get comment data, url:/mp/appmsg_comment?action=getcomment&scene=0&appmsgid=2247486189&idx=1&__biz=MzkxMTUxMDM0OA==&comment_id=4165897881997541376&offset=0&buffer=&limit=100&send_time=&sessionid=svr_36e99004980&enterid=1776948994&top_content_id=&top_reply_id=&comment_scene=0 @ https://res.wx.qq.com/mmbizappmsg/zh_CN/htmledition/js/assets/appmsg_comment.moaajz2de4eeb0e3.js:4
[    1478ms] [LOG] getIdentity========== @ https://res.wx.qq.com/mmbizappmsg/zh_CN/htmledition/js/assets/Identity.moaajz2d066c0ae0.js:2
[    1480ms] [INFO] [IndexedDBAdapter] IndexedDB initialized successfully  @ https://res.wx.qq.com/mmbizappmsg/zh_CN/htmledition/js/assets/StreamFriendsList.moaajz2dd6aeaaaf.js:0
[    1481ms] [INFO] [图文信息] 三元组: MzkxMTUxMDM0OA== 2247486189 1 @ https://res.wx.qq.com/mmbizappmsg/zh_CN/htmledition/js/assets/appmsg.moaajz2ded307d4d.js:8
[    1481ms] [INFO] [用户信息] 设备信息: 是否安卓 undefined 是否IOS undefined 是否秒开场景 undefined 系统版本 10.0 用户uin 0 是否小程序内打开 false @ https://res.wx.qq.com/mmbizappmsg/zh_CN/htmledition/js/assets/appmsg.moaajz2ded307d4d.js:8
[    1482ms] [LOG] wx config web compt result [wxOpen] {err_msg: handleMPPageAction:fail_webcompt unsupported} @ https://res.wx.qq.com/mmbizappmsg/zh_CN/htmledition/js/assets/comm_utils.moaajz2db5bf8eb0.js:0
[    1507ms] [INFO] [(评论、点赞、赞赏) 发送请求]:  Thu Apr 23 2026 20:56:36 GMT+0800 (中国标准时间) @ https://res.wx.qq.com/mmbizappmsg/zh_CN/htmledition/js/assets/appmsgext.moaajz2d1892ec4b.js:0
[    1514ms] [LOG] ======ad fontScaleCssVars change 1 1 1 @ https://res.wx.qq.com/mmbizappmsg/zh_CN/htmledition/js/assets/a.moaajz2da1b9979d.js:0
[    1529ms] [INFO] [广告发送请求] 是否拉取广告 0 @ https://res.wx.qq.com/mmbizappmsg/zh_CN/htmledition/js/assets/StreamFriendsList.moaajz2dd6aeaaaf.js:0
[    1529ms] [INFO] [强制广告] 是否强制去掉广告 0 @ https://res.wx.qq.com/mmbizappmsg/zh_CN/htmledition/js/assets/StreamFriendsList.moaajz2dd6aeaaaf.js:0
[    1540ms] [LOG] [PagePos] init entry @ https://res.wx.qq.com/mmbizappmsg/zh_CN/htmledition/js/assets/appmsg.moaajz2ded307d4d.js:8
[    1540ms] [LOG] [PagePos] init call @ https://res.wx.qq.com/mmbizappmsg/zh_CN/htmledition/js/assets/page_pos.moaajz2d28774245.js:0
[    1547ms] [LOG] [PagePos] commReport leaveReport addReport @ https://res.wx.qq.com/mmbizappmsg/zh_CN/htmledition/js/assets/page_pos.moaajz2d28774245.js:0
[    1553ms] [LOG] [Appmsg comment] start get comment data, url:/mp/appmsg_comment?action=getcomment&scene=0&appmsgid=2247486189&idx=1&__biz=MzkxMTUxMDM0OA==&comment_id=4165897881997541376&offset=0&buffer=&limit=100&send_time=&sessionid=svr_36e99004980&enterid=1776948994&top_content_id=&top_reply_id=&comment_scene=0 @ https://res.wx.qq.com/mmbizappmsg/zh_CN/htmledition/js/assets/appmsg_comment.moaajz2de4eeb0e3.js:4
[    1554ms] [WARNING] Mixed Content: The page at 'https://mp.weixin.qq.com/s/O-7IyUylW6VGP3vyAg1M2w' was loaded over HTTPS, but requested an insecure element 'http://mmbiz.qpic.cn/sz_mmbiz_png/cueJ49OldiajbOvfH9RDzHnuCWv6OJBkTvlP80AJ4vTLt0GgB8jMLgpOjuhSS4ibBatb3P6cyzv8ibJDyeqvfxhaQ/300?wx_fmt=png&wxfrom=18'. This request was automatically upgraded to HTTPS, For more information see https://blog.chromium.org/2019/10/no-more-mixed-messages-about-https.html @ https://mp.weixin.qq.com/s/O-7IyUylW6VGP3vyAg1M2w:0
[    1575ms] [INFO] [currentMpInfo]set url {interaction_url: , underline_url: } @ https://res.wx.qq.com/mmbizappmsg/zh_CN/htmledition/js/assets/appmsg.moaajz2ded307d4d.js:8
[    1584ms] [LOG] https://mmbiz.qpic.cn/sz_mmbiz_png/XxB3G9IFzSeOjIWdv5udreiaKvgAm2GGlnL9iblzPl9dG7wOJUBuIIkqXAZVnAeLOJHzrMkHDnjiaBibSpEC2Mu92A/640?from=appmsg&tp=webp&wxfrom=5&wx_lazy=1#imgIndex=2 img false https://mmbiz.qpic.cn/sz_mmbiz_png/XxB3G9IFzSeOjIWdv5udreiaKvgAm2GGlnL9iblzPl9dG7wOJUBuIIkqXAZVnAeLOJHzrMkHDnjiaBibSpEC2Mu92A/640?from=appmsg#imgIndex=2 @ https://res.wx.qq.com/mmbizappmsg/zh_CN/htmledition/js/assets/appmsg.moaajz2ded307d4d.js:2
[    1584ms] [LOG] https://mmbiz.qpic.cn/sz_mmbiz_jpg/XxB3G9IFzSe6XwnyU7DSyQFFCB2wob0SzGOJBVAzYhhU9AYicTibn8anR86oTOMMyvHanyEZiaQQvvKkQAfQ8vtOg/640?from=appmsg&tp=webp&wxfrom=5&wx_lazy=1#imgIndex=3 img true https://mmbiz.qpic.cn/sz_mmbiz_jpg/XxB3G9IFzSe6XwnyU7DSyQFFCB2wob0SzGOJBVAzYhhU9AYicTibn8anR86oTOMMyvHanyEZiaQQvvKkQAfQ8vtOg/640?from=appmsg#imgIndex=3 @ https://res.wx.qq.com/mmbizappmsg/zh_CN/htmledition/js/assets/appmsg.moaajz2ded307d4d.js:2
[    1589ms] [LOG] getRelatedArticleList undefined @ https://res.wx.qq.com/mmbizappmsg/zh_CN/htmledition/js/assets/appmsg.moaajz2ded307d4d.js:0
[    1589ms] [INFO] [StateSyncManager] State sync manager initialized successfully  @ https://res.wx.qq.com/mmbizappmsg/zh_CN/htmledition/js/assets/StreamFriendsList.moaajz2dd6aeaaaf.js:0
[    1610ms] [LOG] [comm_report] reportjson:  {CgiPath: /mp/appmsg_comment, Action: getsegment, Query: ?action=getsegment&appmsgid=2247486189&idx=1&comme…%3D&appmsg_token=&x5=0&f=json&user_article_role=0, PostData: modify_detail=%5B%5D&modify_detail_new=undefined&modify_time=0&linefeed_card=, Method: POST} @ https://res.wx.qq.com/mmbizappmsg/zh_CN/htmledition/js/assets/comm_utils.moaajz2db5bf8eb0.js:0
[    1611ms] [LOG] segmentlist:  {base_resp: Object, ret: -3, errmsg: no session, cookie_count: 0} @ https://res.wx.qq.com/mmbizappmsg/zh_CN/htmledition/js/assets/wxwork_hidden.moaajz2da6bf9f34.js:2
[    1611ms] [LOG] [comm_report] reportjson:  {CgiPath: /mp/appmsg_comment, Action: getextracomment, Query: ?action=getextracomment&appmsgid=2247486189&idx=1&…%3D&appmsg_token=&x5=0&f=json&user_article_role=0, PostData: , Method: GET} @ https://res.wx.qq.com/mmbizappmsg/zh_CN/htmledition/js/assets/comm_utils.moaajz2db5bf8eb0.js:0
[    1614ms] [LOG] [comm_report] reportjson:  {CgiPath: /mp/appmsg_comment, Action: getidentitylist, Query: ?action=getidentitylist&scene=0&register=0&uin=&ke…%3D&appmsg_token=&x5=0&f=json&user_article_role=0, PostData: , Method: GET} @ https://res.wx.qq.com/mmbizappmsg/zh_CN/htmledition/js/assets/comm_utils.moaajz2db5bf8eb0.js:0
[    1615ms] [LOG] [comm_report] reportjson:  {CgiPath: /mp/getbizbanner, Action: , Query: ?__biz=MzkxMTUxMDM0OA==&uin=&key=&pass_ticket=&wxt…%3D&appmsg_token=&x5=0&f=json&user_article_role=0, PostData: , Method: GET} @ https://res.wx.qq.com/mmbizappmsg/zh_CN/htmledition/js/assets/comm_utils.moaajz2db5bf8eb0.js:0
[    1615ms] [LOG] [reportData]:  {count: 4, reportjson0: {"CgiPath":"/mp/appmsg_comment","Action":"getsegme…in.qq.com","log_id":36408,"TimeStamp":1776948996}, reportjson1: {"CgiPath":"/mp/appmsg_comment","Action":"getextra…in.qq.com","log_id":36408,"TimeStamp":1776948996}, reportjson2: {"CgiPath":"/mp/appmsg_comment","Action":"getident…in.qq.com","log_id":36408,"TimeStamp":1776948996}, reportjson3: {"CgiPath":"/mp/getbizbanner","Action":"","Query":…in.qq.com","log_id":36408,"TimeStamp":1776948996}} @ https://res.wx.qq.com/mmbizappmsg/zh_CN/htmledition/js/assets/comm_utils.moaajz2db5bf8eb0.js:0
[    1617ms] [LOG] [comm_report] reportjson:  {CgiPath: /mp/relatedsearchword, Action: getimagekeyword, Query: ?action=getimagekeyword&__biz=MzkxMTUxMDM0OA==&mid…%3D&appmsg_token=&x5=0&f=json&user_article_role=0, PostData: , Method: GET} @ https://res.wx.qq.com/mmbizappmsg/zh_CN/htmledition/js/assets/comm_utils.moaajz2db5bf8eb0.js:0
[    1618ms] [LOG] [comm_report] reportjson:  {CgiPath: /mp/appmsg_comment, Action: getcomment, Query: ?action=getcomment&scene=0&appmsgid=2247486189&idx…%3D&appmsg_token=&x5=0&f=json&user_article_role=0, PostData: , Method: GET} @ https://res.wx.qq.com/mmbizappmsg/zh_CN/htmledition/js/assets/comm_utils.moaajz2db5bf8eb0.js:0
[    1621ms] [LOG] [comm_report] reportjson:  {CgiPath: /mp/getappmsgad, Action: , Query: ?f=json&mockid=&rtx=&uin=&key=&pass_ticket=&wxtoke…%3D&appmsg_token=&x5=0&f=json&user_article_role=0, PostData: r=0.35423214263598124&appmsg_type=9&mid=2247486189…eed_ad=0&both_ad=0&pos_type_list=&vid_list=%5B%5D, Method: POST} @ https://res.wx.qq.com/mmbizappmsg/zh_CN/htmledition/js/assets/comm_utils.moaajz2db5bf8eb0.js:0
[    1621ms] [INFO] [广告响应请求] {base_resp: Object, ret: -3, errmsg: no session, cookie_count: 0} @ https://res.wx.qq.com/mmbizappmsg/zh_CN/htmledition/js/assets/StreamFriendsList.moaajz2dd6aeaaaf.js:0
[    1627ms] [LOG] [comm_report] reportjson:  {CgiPath: /mp/getappmsgext, Action: , Query: ?f=json&mock=&uin=&key=&pass_ticket=&wxtoken=777&d…%3D&appmsg_token=&x5=0&f=json&user_article_role=0, PostData: r=0.9896663892149434&__biz=MzkxMTUxMDM0OA%3D%3D&ap…nt_comment_id=4165897893942919173&business_type=0, Method: POST} @ https://res.wx.qq.com/mmbizappmsg/zh_CN/htmledition/js/assets/comm_utils.moaajz2db5bf8eb0.js:0
[    1628ms] [LOG] [reportData]:  {count: 4, reportjson0: {"CgiPath":"/mp/relatedsearchword","Action":"getim…in.qq.com","log_id":36408,"TimeStamp":1776948996}, reportjson1: {"CgiPath":"/mp/appmsg_comment","Action":"getcomme…in.qq.com","log_id":36408,"TimeStamp":1776948996}, reportjson2: {"CgiPath":"/mp/getappmsgad","Action":"","Query":"…in.qq.com","log_id":36408,"TimeStamp":1776948996}, reportjson3: {"CgiPath":"/mp/getappmsgext","Action":"","Query":…in.qq.com","log_id":36408,"TimeStamp":1776948996}} @ https://res.wx.qq.com/mmbizappmsg/zh_CN/htmledition/js/assets/comm_utils.moaajz2db5bf8eb0.js:0
[    1628ms] [INFO] [(评论、点赞、赞赏) 响应请求]:  Thu Apr 23 2026 20:56:36 GMT+0800 (中国标准时间) {advertisement_info: Array(0), appmsg_album_videos: Array(0), base_resp: Object, effective_content_last_html_node: Array(0), link_component_list: Array(0)} @ https://res.wx.qq.com/mmbizappmsg/zh_CN/htmledition/js/assets/appmsgext.moaajz2d1892ec4b.js:0
[    1630ms] [WARNING] window.ext_complete_success: true @ https://res.wx.qq.com/mmbizappmsg/zh_CN/htmledition/js/assets/appmsg.moaajz2ded307d4d.js:2
[    1636ms] [LOG] [comm_report] reportjson:  {bizuin: MzkxMTUxMDM0OA==, msgid: 2247486189, idx: 1, sessionid: svr_36e99004980, itemshowtype: 0} @ https://res.wx.qq.com/mmbizappmsg/zh_CN/htmledition/js/assets/comm_utils.moaajz2db5bf8eb0.js:0
[    1637ms] [LOG] [comm_report] reportjson:  {bizuin: MzkxMTUxMDM0OA==, msgid: 2247486189, idx: 1, sessionid: svr_36e99004980, itemshowtype: 0} @ https://res.wx.qq.com/mmbizappmsg/zh_CN/htmledition/js/assets/comm_utils.moaajz2db5bf8eb0.js:0
[    1637ms] [LOG] [comm_report] reportjson:  {bizuin: MzkxMTUxMDM0OA==, msgid: 2247486189, idx: 1, sessionid: svr_36e99004980, itemshowtype: 0} @ https://res.wx.qq.com/mmbizappmsg/zh_CN/htmledition/js/assets/comm_utils.moaajz2db5bf8eb0.js:0
[    1637ms] [LOG] [comm_report] reportjson:  {bizuin: MzkxMTUxMDM0OA==, msgid: 2247486189, idx: 1, sessionid: svr_36e99004980, itemshowtype: 0} @ https://res.wx.qq.com/mmbizappmsg/zh_CN/htmledition/js/assets/comm_utils.moaajz2db5bf8eb0.js:0
[    1637ms] [LOG] [reportData]:  {count: 4, reportjson0: {"bizuin":"MzkxMTUxMDM0OA==","msgid":2247486189,"i…xptype":"","log_id":27894,"TimeStamp":1776948996}, reportjson1: {"bizuin":"MzkxMTUxMDM0OA==","msgid":2247486189,"i…xptype":"","log_id":27894,"TimeStamp":1776948996}, reportjson2: {"bizuin":"MzkxMTUxMDM0OA==","msgid":2247486189,"i…xptype":"","log_id":27894,"TimeStamp":1776948996}, reportjson3: {"bizuin":"MzkxMTUxMDM0OA==","msgid":2247486189,"i…xptype":"","log_id":27894,"TimeStamp":1776948996}} @ https://res.wx.qq.com/mmbizappmsg/zh_CN/htmledition/js/assets/comm_utils.moaajz2db5bf8eb0.js:0
[    1638ms] [LOG] js content size change @ https://res.wx.qq.com/mmbizappmsg/zh_CN/htmledition/js/assets/page_pos.moaajz2d28774245.js:0
[    1669ms] [LOG] [comm_report] reportjson:  {CgiPath: /mp/appmsg_comment, Action: getcomment, Query: ?action=getcomment&scene=0&appmsgid=2247486189&idx…%3D&appmsg_token=&x5=0&f=json&user_article_role=0, PostData: , Method: GET} @ https://res.wx.qq.com/mmbizappmsg/zh_CN/htmledition/js/assets/comm_utils.moaajz2db5bf8eb0.js:0
[    1685ms] [LOG] OpenSDK Frame loaded, build time: 2025-11-17 11:05 @ https://open.weixin.qq.com/pcopensdk/frame:1
[    2145ms] [LOG] [comm_report] reportjson:  {bizuin: MzkxMTUxMDM0OA==, appmsgid: 2247486189, itemidx: 1, scene: 0, subscene: 0} @ https://res.wx.qq.com/mmbizappmsg/zh_CN/htmledition/js/assets/comm_utils.moaajz2db5bf8eb0.js:0
[    2150ms] [LOG] [comm_report] reportjson:  {bizuin: MzkxMTUxMDM0OA==, appmsgid: 2247486189, itemidx: 1, scene: 0, subscene: 0} @ https://res.wx.qq.com/mmbizappmsg/zh_CN/htmledition/js/assets/comm_utils.moaajz2db5bf8eb0.js:0
[    2611ms] [LOG] [reportData]:  {count: 3, reportjson0: {"CgiPath":"/mp/appmsg_comment","Action":"getcomme…in.qq.com","log_id":36408,"TimeStamp":1776948997}, reportjson1: {"bizuin":"MzkxMTUxMDM0OA==","appmsgid":2247486189…mgIndex=2","log_id":34384,"TimeStamp":1776948997}, reportjson2: {"bizuin":"MzkxMTUxMDM0OA==","appmsgid":2247486189…mgIndex=3","log_id":34384,"TimeStamp":1776948997}} @ https://res.wx.qq.com/mmbizappmsg/zh_CN/htmledition/js/assets/comm_utils.moaajz2db5bf8eb0.js:0
[    3080ms] [ERROR] bottombar-safe-bottom 0 @ https://mp.weixin.qq.com/s/O-7IyUylW6VGP3vyAg1M2w:8390
[    6742ms] [LOG] [comm_report] reportjson:  {CgiPath: /mp/appmsgreport, Action: page_time_5s, Query: ?action=page_time_5s&__biz=MzkxMTUxMDM0OA==&uin=&k…%3D&appmsg_token=&x5=0&f=json&user_article_role=0, PostData: report_bizuin=MzkxMTUxMDM0OA%3D%3D&title=%E5%85%83…type=&expsessionid=&effective_content_height=3533, Method: POST} @ https://res.wx.qq.com/mmbizappmsg/zh_CN/htmledition/js/assets/comm_utils.moaajz2db5bf8eb0.js:0
[    7747ms] [LOG] [reportData]:  {count: 1, reportjson0: {"CgiPath":"/mp/appmsgreport","Action":"page_time_…in.qq.com","log_id":36408,"TimeStamp":1776949002}} @ https://res.wx.qq.com/mmbizappmsg/zh_CN/htmledition/js/assets/comm_utils.moaajz2db5bf8eb0.js:0
[   16304ms] [LOG] https://mmbiz.qpic.cn/sz_mmbiz_jpg/XxB3G9IFzSe6XwnyU7DSyQFFCB2wob0SnaalyibkwNiaN7gYKfH3RNicvmgf1jZpx9n9ITnbysUASDs3D5voU6ZicA/640?from=appmsg&tp=webp&wxfrom=5&wx_lazy=1#imgIndex=4 img true https://mmbiz.qpic.cn/sz_mmbiz_jpg/XxB3G9IFzSe6XwnyU7DSyQFFCB2wob0SnaalyibkwNiaN7gYKfH3RNicvmgf1jZpx9n9ITnbysUASDs3D5voU6ZicA/640?from=appmsg#imgIndex=4 @ https://res.wx.qq.com/mmbizappmsg/zh_CN/htmledition/js/assets/appmsg.moaajz2ded307d4d.js:2
[   16706ms] [LOG] https://mmbiz.qpic.cn/sz_mmbiz_jpg/XxB3G9IFzSe6XwnyU7DSyQFFCB2wob0SlHQ3gPXtIicUk7pNAGRFrHr1iatSpUrx0RJ5AXUPooVRWm3TObbfcurA/640?from=appmsg&tp=webp&wxfrom=5&wx_lazy=1#imgIndex=5 img true https://mmbiz.qpic.cn/sz_mmbiz_jpg/XxB3G9IFzSe6XwnyU7DSyQFFCB2wob0SlHQ3gPXtIicUk7pNAGRFrHr1iatSpUrx0RJ5AXUPooVRWm3TObbfcurA/640?from=appmsg#imgIndex=5 @ https://res.wx.qq.com/mmbizappmsg/zh_CN/htmledition/js/assets/appmsg.moaajz2ded307d4d.js:2
[   16706ms] [LOG] https://mmbiz.qpic.cn/sz_mmbiz_jpg/XxB3G9IFzSe6XwnyU7DSyQFFCB2wob0SGZXYwZNshknvB8tj3GWhCoyXZC3xRY0xOXxiauNbKZo7XdmSB6YkwNQ/640?from=appmsg&tp=webp&wxfrom=5&wx_lazy=1#imgIndex=6 img true https://mmbiz.qpic.cn/sz_mmbiz_jpg/XxB3G9IFzSe6XwnyU7DSyQFFCB2wob0SGZXYwZNshknvB8tj3GWhCoyXZC3xRY0xOXxiauNbKZo7XdmSB6YkwNQ/640?from=appmsg#imgIndex=6 @ https://res.wx.qq.com/mmbizappmsg/zh_CN/htmledition/js/assets/appmsg.moaajz2ded307d4d.js:2
[   16945ms] [LOG] ======all-img-loaded @ https://res.wx.qq.com/mmbizappmsg/zh_CN/htmledition/js/assets/appmsg.moaajz2ded307d4d.js:2
